// Jest Snapshot v1, https://goo.gl/fbAQLP

exports[`App matches snapshot 1`] = `
<div>
  <div
    class="Home-root-7"
  >
    <div
      class="Layout-root-8"
    >
      <div
        class="Layout-header-9"
      >
        <h1
          class="MuiTypography-root Layout-title-10 MuiTypography-h1"
        >
          Address Book
        </h1>
      </div>
      <main
        class="Layout-flex-12"
      />
    </div>
  </div>
</div>
`;
