// Jest Snapshot v1, https://goo.gl/fbAQLP

exports[`App matches snapshot 1`] = `
<div>
  <div>
    <div
      class="Layout-root-5"
    >
      <div
        class="Layout-header-6"
      >
        <h1
          class="MuiTypography-root MuiTypography-h1"
        >
          Address Book
        </h1>
      </div>
      <main
        class="Layout-flex-8"
      />
    </div>
  </div>
</div>
`;
